=== schach9x9 self-match (native 9×9) ===
white=baseline(d3) black=nnue30(d3) games=40 maxPlies=300
Game 1/80 → first-named (checkmate) plies=199 49509ms
Game 2/80 → draw (max-plies) plies=300 205175ms
Game 3/80 → draw (max-plies) plies=300 293238ms
Game 4/80 → draw (max-plies) plies=300 117327ms
Game 5/80 → draw (max-plies) plies=300 51765ms
Game 6/80 → draw (max-plies) plies=300 109062ms
Game 7/80 → first-named (checkmate) plies=49 73136ms
Game 8/80 → draw (max-plies) plies=300 173158ms
Game 9/80 → draw (max-plies) plies=300 98776ms
Game 10/80 → draw (max-plies) plies=300 116035ms
Game 11/80 → draw (max-plies) plies=300 139920ms
Game 12/80 → first-named (checkmate) plies=98 84088ms
Game 13/80 → first-named (checkmate) plies=257 752172ms
Game 14/80 → first-named (checkmate) plies=84 119965ms
Game 15/80 → draw (max-plies) plies=300 77683ms
Game 16/80 → first-named (checkmate) plies=276 408336ms
Game 17/80 → first-named (checkmate) plies=297 62409ms
Game 18/80 → first-named (checkmate) plies=78 94640ms
Game 19/80 → draw (max-plies) plies=300 131786ms
Game 20/80 → first-named (checkmate) plies=34 57812ms
Game 21/80 → draw (stalemate) plies=161 80968ms
Game 22/80 → first-named (checkmate) plies=30 33260ms
Game 23/80 → draw (max-plies) plies=300 533982ms
Game 24/80 → first-named (checkmate) plies=76 58527ms
Game 25/80 → first-named (no-move-black) plies=27 160209ms
Game 26/80 → draw (max-plies) plies=300 92593ms
Game 27/80 → draw (max-plies) plies=300 204188ms
Game 28/80 → draw (max-plies) plies=300 145718ms
Game 29/80 → draw (max-plies) plies=300 55114ms
Game 30/80 → draw (max-plies) plies=300 78752ms
Game 31/80 → second-named (checkmate) plies=204 276639ms
Game 32/80 → draw (max-plies) plies=300 108583ms
Game 33/80 → first-named (checkmate) plies=261 269916ms
Game 34/80 → draw (max-plies) plies=300 86431ms
Game 35/80 → first-named (checkmate) plies=15 31252ms
Game 36/80 → draw (max-plies) plies=300 129614ms
Game 37/80 → first-named (checkmate) plies=21 36135ms
Game 38/80 → draw (max-plies) plies=300 140594ms
Game 39/80 → draw (max-plies) plies=300 342701ms
Game 40/80 → draw (max-plies) plies=300 88854ms
Game 41/80 → first-named (checkmate) plies=223 52759ms
Game 42/80 → draw (max-plies) plies=300 216247ms
Game 43/80 → draw (max-plies) plies=300 77310ms
Game 44/80 → draw (max-plies) plies=300 84949ms
Game 45/80 → first-named (checkmate) plies=105 103803ms
Game 46/80 → first-named (checkmate) plies=30 72695ms
Game 47/80 → second-named (checkmate) plies=188 242872ms
Game 48/80 → draw (max-plies) plies=300 47295ms
Game 49/80 → draw (max-plies) plies=300 57849ms
Game 50/80 → first-named (checkmate) plies=190 116923ms
Game 51/80 → draw (max-plies) plies=300 45529ms
Game 52/80 → second-named (checkmate) plies=105 154248ms
Game 53/80 → first-named (checkmate) plies=65 152111ms
Game 54/80 → first-named (checkmate) plies=36 86287ms
Game 55/80 → draw (max-plies) plies=300 464014ms
Game 56/80 → first-named (checkmate) plies=226 55262ms
Game 57/80 → first-named (no-move-black) plies=19 133784ms
Game 58/80 → draw (max-plies) plies=300 110832ms
Game 59/80 → draw (stalemate) plies=191 67142ms
Game 60/80 → draw (max-plies) plies=300 34613ms
Game 61/80 → first-named (checkmate) plies=21 32016ms
Game 62/80 → draw (max-plies) plies=300 328111ms
Game 63/80 → draw (max-plies) plies=300 166292ms
Game 64/80 → draw (max-plies) plies=300 52922ms
Game 65/80 → first-named (checkmate) plies=17 45668ms
Game 66/80 → draw (max-plies) plies=300 278278ms
Game 67/80 → first-named (checkmate) plies=171 61177ms
Game 68/80 → draw (max-plies) plies=300 406140ms
Game 69/80 → draw (max-plies) plies=300 102200ms
Game 70/80 → first-named (checkmate) plies=254 276780ms
Game 71/80 → first-named (checkmate) plies=25 35387ms
Game 72/80 → first-named (checkmate) plies=64 107743ms
Game 73/80 → draw (max-plies) plies=300 100740ms
Game 74/80 → first-named (checkmate) plies=20 65417ms
Game 75/80 → draw (max-plies) plies=300 66561ms
Game 76/80 → draw (max-plies) plies=300 1164726ms
Game 77/80 → draw (max-plies) plies=300 316570ms
Game 78/80 → first-named (checkmate) plies=56 141097ms
Game 79/80 → first-named (checkmate) plies=17 69426ms
Game 80/80 → draw (max-plies) plies=300 57135ms
=== SUMMARY ===
W-D-L (baseline): 32-45-3  (n=80)
score: 0.681  Elo(baseline vs nnue30): 131.9  [95% ~ 55 .. 223]
term breakdown: checkmate=33 max-plies=43 stalemate=2 no-move-black=2
RESULT firstW=32 secondW=3 D=45 score=0.6813 elo=131.9 depth=3
