=== schach9x9 absolute strength vs Stockfish (8×8) ===
games=20 ourDepth=4 sfDepth=8 sfElo=1400 engine=lite-single maxPlies=200
rules: full standard (castling + EP + auto-queen promo)
Game 1/20 — we play white...
  → SF (checkmate) plies=48 4399ms pv0=d2d4
Game 2/20 — we play black...
  → SF (checkmate) plies=45 3318ms pv0=e2e4
Game 3/20 — we play white...
  → SF (checkmate) plies=180 9991ms pv0=f2f4
Game 4/20 — we play black...
  → DRAW (max-plies) plies=200 6997ms pv0=g1f3
Game 5/20 — we play white...
  → SF (checkmate) plies=90 5919ms pv0=b1a3
Game 6/20 — we play black...
  → SF (checkmate) plies=47 3718ms pv0=g1f3
Game 7/20 — we play white...
  → SF (checkmate) plies=88 6019ms pv0=e2e3
Game 8/20 — we play black...
  → SF (checkmate) plies=69 5847ms pv0=e2e3
Game 9/20 — we play white...
  → SF (checkmate) plies=66 6040ms pv0=b2b4
Game 10/20 — we play black...
  → SF (checkmate) plies=69 5010ms pv0=e2e4
Game 11/20 — we play white...
  → SF (checkmate) plies=98 6376ms pv0=b2b3
Game 12/20 — we play black...
  → SF (checkmate) plies=107 7540ms pv0=e2e4
Game 13/20 — we play white...
  → SF (checkmate) plies=120 11805ms pv0=c2c3
Game 14/20 — we play black...
  → SF (checkmate) plies=57 4380ms pv0=g1f3
Game 15/20 — we play white...
  → SF (checkmate) plies=98 6501ms pv0=a2a4
Game 16/20 — we play black...
  → SF (checkmate) plies=53 4310ms pv0=d2d4
Game 17/20 — we play white...
  → SF (checkmate) plies=82 8483ms pv0=g2g4
Game 18/20 — we play black...
  → SF (checkmate) plies=145 11306ms pv0=d2d4
Game 19/20 — we play white...
  → SF (checkmate) plies=106 6068ms pv0=h2h4
Game 20/20 — we play black...
  → SF (checkmate) plies=69 5498ms pv0=d2d4

=== SUMMARY ===
W-D-L (ours): 0-1-19  (n=20)
score: 0.025  Elo vs SF≈ -636  [95% ~ -1200 .. -395]
params: depth=4 sfDepth=8 sfElo=1400 engine=lite-single
term breakdown: checkmate=19 max-plies=1
RESULT oursW=0 sfW=19 D=1 score=0.0250 elo=-636.4 depth=4 sfDepth=8
