=== schach9x9 absolute strength vs Stockfish (8×8) ===
games=20 ourDepth=5 sfDepth=8 sfElo=1400 engine=lite-single maxPlies=200
rules: full standard (castling + EP + auto-queen promo)
Game 1/20 — we play white...
  → OURS (checkmate) plies=125 26932ms pv0=f2f4
Game 2/20 — we play black...
  → SF (checkmate) plies=75 17580ms pv0=e2e4
Game 3/20 — we play white...
  → OURS (checkmate) plies=131 37598ms pv0=d2d4
Game 4/20 — we play black...
  → DRAW (max-plies) plies=200 27124ms pv0=e2e3
Game 5/20 — we play white...
  → SF (checkmate) plies=68 20951ms pv0=d2d4
Game 6/20 — we play black...
  → SF (checkmate) plies=105 22435ms pv0=e2e3
Game 7/20 — we play white...
  → DRAW (max-plies) plies=200 14703ms pv0=d2d4
Game 8/20 — we play black...
  → SF (checkmate) plies=63 19947ms pv0=e2e3
Game 9/20 — we play white...
  → DRAW (max-plies) plies=200 32750ms pv0=g2g3
Game 10/20 — we play black...
  → SF (checkmate) plies=41 15133ms pv0=e2e3
Game 11/20 — we play white...
  → SF (checkmate) plies=158 28489ms pv0=g2g4
Game 12/20 — we play black...
  → SF (checkmate) plies=69 19963ms pv0=d2d4
Game 13/20 — we play white...
  → OURS (checkmate) plies=73 18392ms pv0=b1a3
Game 14/20 — we play black...
  → DRAW (max-plies) plies=200 42755ms pv0=e2e4
Game 15/20 — we play white...
  !!! illegal-ours debug: turn=white best={"from":27,"to":34} board=[0,0,0,0,38,0,0,36,0,33,0,0,0,33,33,0,33,0,0,0,36,0,0,0,19,0,0,37,0,35,0,33,0,0,0,17,0,0,0,17,17,22,0,0,34,0,0,18,20,17,17,0,0,0,0,0,0,21,0,0,0,34,0,0] legal0=[41-32 41-33 41-42 50-34]
  → SF (illegal-ours) plies=64 21882ms pv0=h2h3
Game 16/20 — we play black...
  → DRAW (max-plies) plies=200 30367ms pv0=e2e4
Game 17/20 — we play white...
  → SF (checkmate) plies=54 39027ms pv0=h2h4
Game 18/20 — we play black...
  → SF (checkmate) plies=63 18359ms pv0=d2d4
Game 19/20 — we play white...
  → OURS (checkmate) plies=175 36428ms pv0=b1a3
Game 20/20 — we play black...
  → SF (checkmate) plies=195 34198ms pv0=g1f3

=== SUMMARY ===
W-D-L (ours): 4-5-11  (n=20)
score: 0.325  Elo vs SF≈ -127  [95% ~ -347 .. 21]
params: depth=5 sfDepth=8 sfElo=1400 engine=lite-single
term breakdown: checkmate=14 max-plies=5 illegal-ours=1
RESULT oursW=4 sfW=11 D=5 score=0.3250 elo=-127.0 depth=5 sfDepth=8
