=== schach9x9 absolute strength vs Stockfish (8×8) ===
games=20 ourDepth=4 sfDepth=8 sfElo=1400 engine=lite-single maxPlies=200
rules: full standard (castling + EP + auto-queen promo)
Game 1/20 — we play white...
  → SF (checkmate) plies=100 8047ms pv0=d2d4
Game 2/20 — we play black...
  → SF (checkmate) plies=65 5022ms pv0=d2d4
Game 3/20 — we play white...
  → SF (checkmate) plies=40 2804ms pv0=e2e4
Game 4/20 — we play black...
  → SF (checkmate) plies=93 6897ms pv0=e2e4
Game 5/20 — we play white...
  → OURS (checkmate) plies=95 6013ms pv0=e2e4
Game 6/20 — we play black...
  → SF (checkmate) plies=151 6926ms pv0=e2e3
Game 7/20 — we play white...
  → SF (checkmate) plies=98 7273ms pv0=f2f4
Game 8/20 — we play black...
  → DRAW (max-plies) plies=200 8510ms pv0=e2e4
Game 9/20 — we play white...
  → SF (checkmate) plies=52 5747ms pv0=e2e3
Game 10/20 — we play black...
  → SF (checkmate) plies=73 6176ms pv0=d2d4
Game 11/20 — we play white...
  → SF (checkmate) plies=78 4878ms pv0=b2b4
Game 12/20 — we play black...
  → SF (checkmate) plies=113 9318ms pv0=e2e4
Game 13/20 — we play white...
  → SF (checkmate) plies=52 4576ms pv0=d2d3
Game 14/20 — we play black...
  → SF (checkmate) plies=31 2162ms pv0=e2e4
Game 15/20 — we play white...
  → SF (checkmate) plies=184 6310ms pv0=g2g4
Game 16/20 — we play black...
  → SF (checkmate) plies=69 4655ms pv0=g1f3
Game 17/20 — we play white...
  → DRAW (stalemate) plies=156 8803ms pv0=a2a4
Game 18/20 — we play black...
  → SF (checkmate) plies=89 6230ms pv0=d2d4
Game 19/20 — we play white...
  → SF (checkmate) plies=60 4601ms pv0=h2h4
Game 20/20 — we play black...
  → SF (checkmate) plies=55 4615ms pv0=e2e3

=== SUMMARY ===
W-D-L (ours): 1-2-17  (n=20)
score: 0.100  Elo vs SF≈ -382  [95% ~ -1200 .. -208]
params: depth=4 sfDepth=8 sfElo=1400 engine=lite-single
term breakdown: checkmate=18 max-plies=1 stalemate=1
RESULT oursW=1 sfW=17 D=2 score=0.1000 elo=-381.7 depth=4 sfDepth=8
