=== schach9x9 absolute strength vs Stockfish (8×8) ===
games=20 ourDepth=4 sfDepth=8 sfElo=1400 engine=lite-single maxPlies=200
rules: full standard (castling + EP + auto-queen promo)
Game 1/20 — we play white...
  → SF (checkmate) plies=40 4462ms pv0=d2d4
Game 2/20 — we play black...
  → DRAW (max-plies) plies=200 9284ms pv0=e2e3
Game 3/20 — we play white...
  → SF (checkmate) plies=110 8027ms pv0=e2e4
Game 4/20 — we play black...
  → DRAW (max-plies) plies=200 10369ms pv0=d2d4
Game 5/20 — we play white...
  → DRAW (max-plies) plies=200 9044ms pv0=b2b3
Game 6/20 — we play black...
  → SF (checkmate) plies=59 3875ms pv0=d2d4
Game 7/20 — we play white...
  → SF (checkmate) plies=78 7899ms pv0=b1a3
Game 8/20 — we play black...
  → SF (checkmate) plies=59 3982ms pv0=g1f3
Game 9/20 — we play white...
  → DRAW (max-plies) plies=200 8958ms pv0=d2d4
Game 10/20 — we play black...
  → SF (checkmate) plies=93 6021ms pv0=e2e3
Game 11/20 — we play white...
  → SF (checkmate) plies=84 6948ms pv0=f2f4
Game 12/20 — we play black...
  → DRAW (max-plies) plies=200 9191ms pv0=e2e4
Game 13/20 — we play white...
  → SF (checkmate) plies=68 5788ms pv0=d2d4
Game 14/20 — we play black...
  → SF (checkmate) plies=93 7338ms pv0=g1f3
Game 15/20 — we play white...
  → SF (checkmate) plies=146 8963ms pv0=b2b3
Game 16/20 — we play black...
  → SF (checkmate) plies=195 8230ms pv0=g1f3
Game 17/20 — we play white...
  → SF (checkmate) plies=34 3503ms pv0=d2d4
Game 18/20 — we play black...
  → SF (checkmate) plies=95 8408ms pv0=e2e4
Game 19/20 — we play white...
  → SF (checkmate) plies=50 5515ms pv0=d2d4
Game 20/20 — we play black...
  → SF (checkmate) plies=31 3375ms pv0=g1f3

=== SUMMARY ===
W-D-L (ours): 0-5-15  (n=20)
score: 0.125  Elo vs SF≈ -338  [95% ~ -1200 .. -173]
params: depth=4 sfDepth=8 sfElo=1400 engine=lite-single
term breakdown: checkmate=15 max-plies=5
RESULT oursW=0 sfW=15 D=5 score=0.1250 elo=-338.0 depth=4 sfDepth=8
